2025-11-05 09:58:11 info: ✅ Connected to Redis successfully!
2025-11-05 09:58:12 info: Connected to database in API_service
2025-11-05 10:01:03 info: ✅ Connected to Redis successfully!
2025-11-05 10:01:04 info: Connected to database in API_service
2025-11-05 10:18:37 info: ✅ Connected to Redis successfully!
2025-11-05 10:18:38 info: Connected to database in API_service
2025-11-05 10:20:57 info: ✅ Connected to Redis successfully!
2025-11-05 10:20:57 info: Connected to database in API_service
2025-11-05 10:46:02 info: ✅ Connected to Redis successfully!
2025-11-05 10:46:03 info: Connected to database in API_service
2025-11-05 10:49:08 info: ✅ Connected to Redis successfully!
2025-11-05 10:49:08 info: Connected to database in API_service
2025-11-05 10:50:43 info: ✅ Connected to Redis successfully!
2025-11-05 10:50:43 info: Connected to database in API_service
2025-11-05 10:53:58 info: ✅ Connected to Redis successfully!
2025-11-05 10:53:58 info: Connected to database in API_service
2025-11-05 10:55:16 info: ✅ Connected to Redis successfully!
2025-11-05 10:55:17 info: Connected to database in API_service
2025-11-05 11:03:24 info: ✅ Connected to Redis successfully!
2025-11-05 11:03:24 info: Connected to database in API_service
2025-11-05 12:54:15 error: ❌ Error: read ECONNRESET
2025-11-05 12:54:26 info: ✅ Success: User registered successfully
2025-11-05 12:55:05 error: ❌ Error: Invalid OTP or OTP has expired
2025-11-05 12:55:41 error: ❌ Error: Invalid OTP or OTP has expired
2025-11-05 12:57:05 info: ✅ Connected to Redis successfully!
2025-11-05 12:57:06 info: Connected to database in API_service
2025-11-05 12:57:09 error: ❌ Error: Invalid OTP or OTP has expired
2025-11-05 12:58:21 info: ✅ Connected to Redis successfully!
2025-11-05 12:58:22 info: Connected to database in API_service
2025-11-05 13:01:09 info: ✅ Connected to Redis successfully!
2025-11-05 13:01:10 info: Connected to database in API_service
2025-11-05 13:01:29 info: ✅ Connected to Redis successfully!
2025-11-05 13:01:30 info: Connected to database in API_service
2025-11-05 13:01:59 info: ✅ Connected to Redis successfully!
2025-11-05 13:02:00 info: Connected to database in API_service
2025-11-05 13:02:11 error: ❌ Error: Invalid OTP or OTP has expired
2025-11-05 13:06:48 info: ✅ Connected to Redis successfully!
2025-11-05 13:06:49 info: Connected to database in API_service
2025-11-05 13:06:57 info: ✅ Success: User registered successfully
2025-11-05 13:07:15 info: ✅ Success: OTP verified successfully
2025-11-05 13:12:50 info: ✅ Connected to Redis successfully!
2025-11-05 13:12:52 info: Connected to database in API_service
2025-11-05 13:17:09 info: ✅ Connected to Redis successfully!
2025-11-05 13:17:10 info: Connected to database in API_service
2025-11-05 13:18:03 info: ✅ Connected to Redis successfully!
2025-11-05 13:18:04 info: Connected to database in API_service
2025-11-05 13:54:46 info: ✅ Connected to Redis successfully!
2025-11-05 13:54:47 info: Connected to database in API_service
2025-11-05 13:55:37 info: ✅ Connected to Redis successfully!
2025-11-05 13:55:37 info: Connected to database in API_service
2025-11-05 13:56:32 info: ✅ Connected to Redis successfully!
2025-11-05 13:56:33 info: Connected to database in API_service
2025-11-05 13:59:47 info: ✅ Connected to Redis successfully!
2025-11-05 13:59:48 info: Connected to database in API_service
2025-11-05 14:00:13 info: ✅ Connected to Redis successfully!
2025-11-05 14:00:14 info: Connected to database in API_service
2025-11-05 14:00:48 info: ✅ Connected to Redis successfully!
2025-11-05 14:00:49 info: Connected to database in API_service
2025-11-05 14:03:10 info: ✅ Connected to Redis successfully!
2025-11-05 14:03:11 info: Connected to database in API_service
2025-11-05 14:05:53 info: ✅ Connected to Redis successfully!
2025-11-05 14:05:54 info: Connected to database in API_service
2025-11-05 14:11:55 info: ✅ Connected to Redis successfully!
2025-11-05 14:11:55 info: Connected to database in API_service
2025-11-05 14:13:15 error: ❌ Error: You have an error in your SQL syntax; check the manual that corresponds to your MySQL server version for the right syntax to use near 'RETURNING id, email, name' at line 2
2025-11-05 15:17:39 info: ✅ Connected to Redis successfully!
2025-11-05 15:17:40 info: Connected to database in API_service
2025-11-05 15:20:48 info: ✅ Connected to Redis successfully!
2025-11-05 15:20:49 info: Connected to database in API_service
2025-11-05 15:21:06 info: ✅ Connected to Redis successfully!
2025-11-05 15:21:07 info: Connected to database in API_service
2025-11-05 15:23:46 info: ✅ Connected to Redis successfully!
2025-11-05 15:23:46 info: Connected to database in API_service
2025-11-05 15:26:12 info: ✅ Connected to Redis successfully!
2025-11-05 15:26:13 info: Connected to database in API_service
2025-11-05 15:26:59 info: ✅ Success: OTP resent successfully
2025-11-05 15:27:52 info: ✅ Success: OTP verified successfully
2025-11-05 15:33:41 info: ✅ Connected to Redis successfully!
2025-11-05 15:33:42 info: Connected to database in API_service
2025-11-05 15:37:14 info: ✅ Connected to Redis successfully!
2025-11-05 15:37:15 info: Connected to database in API_service
2025-11-05 15:39:05 info: ✅ Connected to Redis successfully!
2025-11-05 15:39:06 info: Connected to database in API_service
2025-11-05 15:44:38 info: ✅ Connected to Redis successfully!
2025-11-05 15:44:38 info: Connected to database in API_service
2025-11-05 15:45:28 info: ✅ Connected to Redis successfully!
2025-11-05 15:45:29 info: Connected to database in API_service
2025-11-05 15:50:53 info: ✅ Connected to Redis successfully!
2025-11-05 15:50:54 info: Connected to database in API_service
2025-11-05 15:53:05 info: ✅ Connected to Redis successfully!
2025-11-05 15:53:06 info: Connected to database in API_service
2025-11-05 15:59:17 info: ✅ Connected to Redis successfully!
2025-11-05 15:59:18 info: Connected to database in API_service
2025-11-05 16:04:03 info: ✅ Connected to Redis successfully!
2025-11-05 16:04:03 info: Connected to database in API_service
2025-11-05 16:09:34 error: ❌ Error: read ECONNRESET
2025-11-05 16:12:00 info: ✅ Connected to Redis successfully!
2025-11-05 16:12:01 info: Connected to database in API_service
2025-11-05 16:12:12 info: ✅ Success: Login successful
2025-11-05 16:13:15 info: ✅ Connected to Redis successfully!
2025-11-05 16:13:15 info: Connected to database in API_service
2025-11-05 16:21:09 info: ✅ Connected to Redis successfully!
2025-11-05 16:21:10 info: Connected to database in API_service
2025-11-05 16:23:09 info: ✅ Connected to Redis successfully!
2025-11-05 16:23:09 info: Connected to database in API_service
2025-11-05 16:23:36 info: ✅ Connected to Redis successfully!
2025-11-05 16:23:37 info: Connected to database in API_service
2025-11-05 16:24:58 info: ✅ Connected to Redis successfully!
2025-11-05 16:24:59 info: Connected to database in API_service
2025-11-05 16:26:25 info: ✅ Connected to Redis successfully!
2025-11-05 16:26:25 info: Connected to database in API_service
2025-11-05 16:33:05 info: ✅ Connected to Redis successfully!
2025-11-05 16:33:06 info: Connected to database in API_service
2025-11-07 09:14:58 info: ✅ Connected to Redis successfully!
2025-11-07 09:14:58 info: Connected to database in API_service
2025-11-07 09:21:14 info: ✅ Connected to Redis successfully!
2025-11-07 09:21:15 info: Connected to database in API_service
2025-11-07 09:21:53 info: ✅ Connected to Redis successfully!
2025-11-07 09:21:54 info: Connected to database in API_service
2025-11-07 09:22:40 info: ✅ Connected to Redis successfully!
2025-11-07 09:22:41 info: Connected to database in API_service
2025-11-07 09:24:21 info: ✅ Connected to Redis successfully!
2025-11-07 09:24:22 info: Connected to database in API_service
2025-11-07 09:24:41 info: ✅ Connected to Redis successfully!
2025-11-07 09:24:42 info: Connected to database in API_service
2025-11-07 09:27:47 info: ✅ Connected to Redis successfully!
2025-11-07 09:27:48 info: Connected to database in API_service
2025-11-07 09:28:48 info: ✅ Connected to Redis successfully!
2025-11-07 09:28:49 info: Connected to database in API_service
2025-11-07 09:29:24 info: ✅ Connected to Redis successfully!
2025-11-07 09:29:25 info: Connected to database in API_service
2025-11-07 09:31:20 info: ✅ Connected to Redis successfully!
2025-11-07 09:31:20 info: Connected to database in API_service
2025-11-07 09:32:29 info: ✅ Connected to Redis successfully!
2025-11-07 09:32:29 info: Connected to database in API_service
2025-11-07 09:33:40 info: ✅ Connected to Redis successfully!
2025-11-07 09:33:41 info: Connected to database in API_service
2025-11-07 09:35:13 info: ✅ Connected to Redis successfully!
2025-11-07 09:35:14 info: Connected to database in API_service
2025-11-07 09:36:30 info: ✅ Success: User registered successfully
2025-11-07 09:37:37 info: ✅ Success: OTP verified successfully
2025-11-07 09:38:06 info: ✅ Success: Login successful
2025-11-07 09:38:29 error: ❌ Error: Refresh token is not provided in cookies
2025-11-07 09:39:31 info: ✅ Connected to Redis successfully!
2025-11-07 09:39:32 info: Connected to database in API_service
2025-11-07 09:42:57 info: ✅ Connected to Redis successfully!
2025-11-07 09:42:58 info: Connected to database in API_service
2025-11-07 09:45:15 info: ✅ Connected to Redis successfully!
2025-11-07 09:45:16 info: Connected to database in API_service
2025-11-07 09:46:59 info: ✅ Connected to Redis successfully!
2025-11-07 09:46:59 info: Connected to database in API_service
2025-11-07 09:47:47 info: ✅ Connected to Redis successfully!
2025-11-07 09:47:47 info: Connected to database in API_service
2025-11-07 09:48:42 info: ✅ Connected to Redis successfully!
2025-11-07 09:48:42 info: Connected to database in API_service
2025-11-07 09:50:23 info: ✅ Connected to Redis successfully!
2025-11-07 09:50:24 info: Connected to database in API_service
2025-11-07 09:52:34 info: ✅ Connected to Redis successfully!
2025-11-07 09:52:34 info: Connected to database in API_service
2025-11-07 09:52:56 error: ❌ Error: User not found
2025-11-07 09:53:17 error: ❌ Error: User not found
2025-11-07 09:53:28 error: ❌ Error: User not found
2025-11-07 09:53:32 error: ❌ Error: User not found
2025-11-07 09:53:58 info: ✅ Success: Login successful
2025-11-07 09:54:21 error: ❌ Error: Refresh token is not provided in cookies
2025-11-07 09:54:34 error: ❌ Error: Refresh token is not provided in cookies
2025-11-07 10:03:38 error: ❌ Error: read ECONNRESET
2025-11-07 10:11:21 info: ✅ Connected to Redis successfully!
2025-11-07 10:11:22 info: Connected to database in API_service
2025-11-07 10:12:15 info: ✅ Connected to Redis successfully!
2025-11-07 10:12:16 info: Connected to database in API_service
2025-11-07 10:12:29 error: ❌ Error: User not found
2025-11-07 10:12:46 info: ✅ Success: Login successful
2025-11-07 10:12:56 error: ❌ Error: Refresh token is not provided in cookies
2025-11-07 10:14:48 info: ✅ Connected to Redis successfully!
2025-11-07 10:14:49 info: Connected to database in API_service
2025-11-07 10:15:38 info: ✅ Connected to Redis successfully!
2025-11-07 10:15:39 info: Connected to database in API_service
2025-11-07 10:16:08 info: ✅ Success: Login successful
2025-11-07 10:16:20 info: ✅ Success: Refresh token successful
2025-11-07 11:03:58 info: ✅ Connected to Redis successfully!
2025-11-07 11:03:59 info: Connected to database in API_service
2025-11-07 11:06:48 info: ✅ Connected to Redis successfully!
2025-11-07 11:06:49 info: Connected to database in API_service
2025-11-07 11:08:41 info: ✅ Connected to Redis successfully!
2025-11-07 11:08:41 info: Connected to database in API_service
2025-11-07 11:08:44 info: ✅ Success: Refresh token successful
2025-11-07 11:10:02 info: ✅ Connected to Redis successfully!
2025-11-07 11:10:02 info: Connected to database in API_service
2025-11-07 11:10:10 info: ✅ Success: New access token generated successfully
